// Jest Snapshot v1, https://goo.gl/fbAQLP

exports[`uploads assets 1`] = `Array []`;
